1
0
1
ASSEMBLY
1
PART-1-1
PART-1-1
1
PART-1-1
14
-2147483646
0
48 1 16 5 0 1 0 -1 -1 18721 1 -1879048189 1 18721 
14
48 1 16 5 0 1 0 -1 -1 18721 1 -1879048189 1 18721 
0
1
PART-1-1
14
-2147483646
0
48 1 16 5 0 1 0 -1 -1 6134 1 -1879048189 1 6134 
14
48 1 16 5 0 1 0 -1 -1 6134 1 -1879048189 1 6134 
0
2
SET-1
0
1
0
1
PART-1-1
119
277 278 279 280 281 282 283 284 285 286 287 288 289 301 313 325 337 349 361 373 385 397 409 421 433 445 457 829 841 853 865 877 889 901 913 925 937 949 961 973 985 997 1009 1021 1033 1045 1057 1069 1081 1093 1105 1117 1129 1141 1153 1165 1177 1909 1921 1933 1945 1957 1969 1981 2605 2617 2629 2641 2653 4876 4888 4900 4912 4924 4936 4948 4960 4972 4984 4996 5008 5020 5032 5044 5056 5068 5080 5092 5104 5116 5128 5140 5152 5164 5176 5188 5200 5212 5224 5236 5248 5260 5272 5284 5296 5308 5320 5332 5344 5356 5368 5380 5392 5404 5416 5428 5440 5452 5464 
0
SET-102
0
1
0
1
PART-1-1
14
-2147483647
48 1 16 5 0 1 0 -1 -1 6134 1 -1879048189 1 6134 
0
1
PART-1-1
1
SET-1
0
1
14
-2147483647
48 1 16 5 0 1 0 -1 -1 6134 1 -1879048189 1 6134 
0
0
0
4
HSURFACE
0
1
0
1
PART-1-1
185
-2147483647
732 1 16 176 0 1 0 -1 -1 287 13 -1073741809 -1073741803 -1073741790 -1073741779 -1073741775 -1073741757 -1073741732 -1073741728 -1073741720 -1073741715 -1073741709 -1073741693 -1073741688 1 128 42513 0 0 524032 321 352 67108866 524288 4096 1073741856 8388608 65536 512 134217732 1048576 -1040187392 37099523 801 288 1024 268435464 2097152 16384 128 33554433 262144 2048 536870928 2177 64 -627048448 69253 2401 512 134217732 1048576 8192 -2147483584 16777216 131072 1024 268435464 2097152 16384 2097280 144736385 84938752 1085278338 275022346 143392 4609 736 2097152 16384 128 33554433 262144 2048 536870928 4194304 32768 256 67108866 524288 4096 1073741856 8388608 65536 512 134217732 1048576 8192 -2147483584 16777216 -2147352576 6049 64 1074855936 552 6465 192 67108864 524288 4096 1073741856 8388608 32 8065 96 4624 1073741824 8 8449 128 16777216 131072 1024 131080 9281 448 -134217728 63 0 0 0 33554434 131072 512 33554434 131072 512 33554434 131072 256 16737 96 -272629760 787611647 261118 17345 1216 65536 256 16777217 65536 256 16777217 65536 256 16777217 65536 256 16777217 65536 256 16777217 65536 256 16777217 65536 256 16777217 65536 256 16777217 65536 256 16777217 65536 256 16777217 65536 256 16777217 65536 256 16777217 65536 256 
0
OUTERN
0
1
0
1
PART-1-1
112
10014 10056 10062 10079 10092 10265 10414 10514 10614 10712 10716 10717 10722 10732 10735 10736 10743 10746 10749 10759 10765 10770 10775 10780 10782 10786 10788 10792 10795 10799 10800 10802 10805 12034 12135 12236 12337 12438 12539 12640 12741 12842 12943 13044 13145 13246 13347 13448 13549 13650 13751 13852 13953 14054 14155 14256 14357 14363 14373 14405 14407 14657 14757 14857 14957 14962 14965 14967 14968 14980 14986 14998 15000 15003 15010 15017 16736 16738 16740 16742 16744 16746 16748 16750 16752 16754 16756 16758 16765 16772 16786 16787 16788 16793 16797 16799 16800 16801 16811 16819 18536 18539 18541 18543 18545 18547 18549 18551 18553 18555 18557 18558 
0
SET-1
0
1
0
1
PART-1-1
239
637 638 639 643 644 645 646 647 649 651 654 655 665 1064 1067 1069 1071 1073 1075 1077 1079 1081 1083 1085 1087 1090 1091 1104 1108 1110 1114 1121 1122 1128 1131 1135 1136 1141 1146 1151 1466 1502 1527 1552 1577 1602 1627 1652 1677 1702 1727 1752 1777 1802 1826 2743 2747 2755 2756 2766 2769 2770 2771 2772 2773 2778 2782 2787 2795 2798 2801 2806 2813 2829 2839 2844 2856 2857 2859 2869 2874 2876 2879 2882 2889 3860 3896 3921 3946 3971 3996 4021 4046 4071 4096 4121 4146 4171 4196 4221 4246 4271 4296 4321 4346 4371 4396 4421 4446 4471 4496 4521 4546 4571 4595 6054 6064 6068 6076 6077 6092 6094 6296 6332 6357 6382 6407 6432 6456 8073 8084 8109 8130 8131 8316 8352 8377 8402 8426 14959 14960 14961 14963 14964 14966 14969 14970 14971 14972 14973 14974 14975 14976 14977 14978 14979 14981 14982 14983 14984 14985 14987 14988 14989 14990 14991 14992 14993 14994 14995 14996 14997 14999 15001 15002 15004 15005 15006 15007 15008 15009 15011 15012 15013 15014 15015 15016 15018 15019 15581 15605 15629 15653 15677 15701 15725 15749 15773 15797 15821 15845 15869 15893 15917 15941 15965 15989 16013 16037 16061 16085 16109 16133 16157 16181 16205 16229 16253 16277 16301 16325 16349 16373 16397 16421 16445 16469 16493 16517 16541 16565 16589 16613 16637 16661 16685 16709 16733 16757 
0
SET-102
0
1
0
1
PART-1-1
14
-2147483647
48 1 16 5 0 1 0 -1 -1 18721 1 -1879048189 1 18721 
0
1
PART-1-1
1
SET-1
0
1
14
-2147483647
48 1 16 5 0 1 0 -1 -1 18721 1 -1879048189 1 18721 
0
0
0
0
0
